This is pdfTeX, Version 3.141592653-2.6-1.40.29 (TeX Live 2026) (preloaded format=pdflatex 2026.3.1)  8 SEP 2026 00:18
entering extended mode
 restricted \write18 enabled.
 %&-line parsing enabled.
**report.tex
(./report.tex
LaTeX2e <2025-11-01>
L3 programming layer <2026-01-19>
(/usr/local/texlive/2026basic/texmf-dist/tex/latex/base/article.cls
Document Class: article 2025/01/22 v1.4n Standard LaTeX document class
(/usr/local/texlive/2026basic/texmf-dist/tex/latex/base/size11.clo
File: size11.clo 2025/01/22 v1.4n Standard LaTeX file (size option)
)
\c@part=\count275
\c@section=\count276
\c@subsection=\count277
\c@subsubsection=\count278
\c@paragraph=\count279
\c@subparagraph=\count280
\c@figure=\count281
\c@table=\count282
\abovecaptionskip=\skip49
\belowcaptionskip=\skip50
\bibindent=\dimen148
)
(./preamble.tex
(/usr/local/texlive/2026basic/texmf-dist/tex/latex/base/inputenc.sty
Package: inputenc 2024/02/08 v1.3d Input encoding file
\inpenc@prehook=\toks17
\inpenc@posthook=\toks18
)

! LaTeX Error: File `subfiles.sty' not found.

Type X to quit or <RETURN> to proceed,
or enter new name. (Default extension: sty)

Enter file name: cstobalduc@MacBook-Air-de-Cristobal report %

! LaTeX Error: File `cstobalduc@MacBook-Air-de-Cristobal report .sty' not found
.

Type X to quit or <RETURN> to proceed,
or enter new name. (Default extension: sty)

Enter file name: pdflatex report.tex

! LaTeX Error: File `pdflatex report.tex' not found.

Type X to quit or <RETURN> to proceed,
or enter new name. (Default extension: tex)

Enter file name: bibtex report

! LaTeX Error: File `bibtex report.tex' not found.

Type X to quit or <RETURN> to proceed,
or enter new name. (Default extension: tex)

Enter file name: pdflatex report.tex

! LaTeX Error: File `pdflatex report.tex' not found.

Type X to quit or <RETURN> to proceed,
or enter new name. (Default extension: tex)

Enter file name: pdflatex report.tex

! LaTeX Error: File `pdflatex report.tex' not found.

Type X to quit or <RETURN> to proceed,
or enter new name. (Default extension: tex)

Enter file name: This is pdfTeX, Version 3.141592653-2.6-1.40.29 (TeX Live 2026
) (preloaded format=pdflatex)

! LaTeX Error: File `This is pdfTeX, Version 3.141592653-2.6-1.40.29 (TeX Live 
2026) (preloaded format=pdflatex)' not found.

Type X to quit or <RETURN> to proceed,
or enter new name. (Default extension: 29 (TeX Live 2026) (preloaded format=pdf
latex))

Enter file name:  restricted \write18 enabled.
! Missing endcsname inserted.
<to be read again> 
                   write 
l.4 \usepackage
               {biblatex}
? entering extended mode
 
Here is how much of TeX's memory you used:
 291 strings out of 469006
 4225 string characters out of 5454814
 433756 words of memory out of 5000000
 29072 multiletter control sequences out of 15000+600000
 628021 words of font info for 41 fonts, out of 8000000 for 9000
 319 hyphenation exceptions out of 8191
 35i,0n,45p,160b,36s stack positions out of 10000i,1000n,20000p,200000b,200000s
No pages of output.
PDF statistics:
 0 PDF objects out of 1000 (max. 8388607)
 0 named destinations out of 1000 (max. 500000)
 1 words of extra memory for PDF output out of 10000 (max. 10000000)

